[    0.000000] Linux version 4.15.0-126-generic (buildd@lcy01-amd64-024) (gcc version 7.5.0 (Ubuntu 7.5.0-3ubuntu1~18.04)) #129-Ubuntu SMP Mon Nov 23 18:53:38 UTC 2020 (Ubuntu 4.15.0-126.129-generic 4.15.18)
[    0.000000] Command line: BOOT_IMAGE=/boot/vmlinuz-4.15.0-126-generic root=LABEL=cloudimg-rootfs ro console=tty1 console=ttyS0
[    0.000000] KERNEL supported cpus:
[    0.000000]   Intel GenuineIntel
[    0.000000]   AMD AuthenticAMD
[    0.000000]   Centaur CentaurHauls
[    0.000000] x86/fpu: Supporting XSAVE feature 0x001: 'x87 floating point registers'
[    0.000000] x86/fpu: Supporting XSAVE feature 0x002: 'SSE registers'
[    0.000000] x86/fpu: Supporting XSAVE feature 0x004: 'AVX registers'
[    0.000000] x86/fpu: xstate_offset[2]:  576, xstate_sizes[2]:  256
[    0.000000] x86/fpu: Enabled xstate features 0x7, context size is 832 bytes, using 'standard' format.
[    0.000000] e820: BIOS-provided physical RAM map:
[    0.000000] BIOS-e820: [mem 0x0000000000000000-0x000000000009fbff] usable
[    0.000000] BIOS-e820: [mem 0x000000000009fc00-0x000000000009ffff] reserved
[    0.000000] BIOS-e820: [mem 0x00000000000f0000-0x00000000000fffff] reserved
[    0.000000] BIOS-e820: [mem 0x0000000000100000-0x00000000dffeffff] usable
[    0.000000] BIOS-e820: [mem 0x00000000dfff0000-0x00000000dfffffff] ACPI data
[    0.000000] BIOS-e820: [mem 0x00000000fec00000-0x00000000fec00fff] reserved
[    0.000000] BIOS-e820: [mem 0x00000000fee00000-0x00000000fee00fff] reserved
[    0.000000] BIOS-e820: [mem 0x00000000fffc0000-0x00000000ffffffff] reserved
[    0.000000] BIOS-e820: [mem 0x0000000100000000-0x000000011fffffff] usable
[    0.000000] NX (Execute Disable) protection: active
[    0.000000] SMBIOS 2.5 present.
[    0.000000] DMI: innotek GmbH VirtualBox/VirtualBox, BIOS VirtualBox 12/01/2006
[    0.000000] Hypervisor detected: KVM
[    0.000000] e820: last_pfn = 0x120000 max_arch_pfn = 0x400000000
[    0.000000] MTRR: Disabled
[    0.000000] x86/PAT: MTRRs disabled, skipping PAT initialization too.
[    0.000000] CPU MTRRs all blank - virtualized system.
[    0.000000] x86/PAT: Configuration [0-7]: WB  WT  UC- UC  WB  WT  UC- UC  
[    0.000000] e820: last_pfn = 0xdfff0 max_arch_pfn = 0x400000000
[    0.000000] found SMP MP-table at [mem 0x0009fff0-0x0009ffff]
[    0.000000] Scanning 1 areas for low memory corruption
[    0.000000] RAMDISK: [mem 0x35a63000-0x36d28fff]
[    0.000000] ACPI: Early table checksum verification disabled
[    0.000000] ACPI: RSDP 0x00000000000E0000 000024 (v02 VBOX  )
[    0.000000] ACPI: XSDT 0x00000000DFFF0030 00003C (v01 VBOX   VBOXXSDT 00000001 ASL  00000061)
[    0.000000] ACPI: FACP 0x00000000DFFF00F0 0000F4 (v04 VBOX   VBOXFACP 00000001 ASL  00000061)
[    0.000000] ACPI: DSDT 0x00000000DFFF0470 002325 (v02 VBOX   VBOXBIOS 00000002 INTL 20120111)
[    0.000000] ACPI: FACS 0x00000000DFFF0200 000040
[    0.000000] ACPI: FACS 0x00000000DFFF0200 000040
[    0.000000] ACPI: APIC 0x00000000DFFF0240 00005C (v02 VBOX   VBOXAPIC 00000001 ASL  00000061)
[    0.000000] ACPI: SSDT 0x00000000DFFF02A0 0001CC (v01 VBOX   VBOXCPUT 00000002 INTL 20120111)
[    0.000000] No NUMA configuration found
[    0.000000] Faking a node at [mem 0x0000000000000000-0x000000011fffffff]
[    0.000000] NODE_DATA(0) allocated [mem 0x11ffd1000-0x11fffbfff]
[    0.000000] kvm-clock: cpu 0, msr 1:1ff50001, primary cpu clock
[    0.000000] kvm-clock: Using msrs 4b564d01 and 4b564d00
[    0.000000] kvm-clock: using sched offset of 4219431417 cycles
[    0.000000] clocksource: kvm-clock: mask: 0xffffffffffffffff max_cycles: 0x1cd42e4dffb, max_idle_ns: 881590591483 ns
[    0.000000] Zone ranges:
[    0.000000]   DMA      [mem 0x0000000000001000-0x0000000000ffffff]
[    0.000000]   DMA32    [mem 0x0000000001000000-0x00000000ffffffff]
[    0.000000]   Normal   [mem 0x0000000100000000-0x000000011fffffff]
[    0.000000]   Device   empty
[    0.000000] Movable zone start for each node
[    0.000000] Early memory node ranges
[    0.000000]   node   0: [mem 0x0000000000001000-0x000000000009efff]
[    0.000000]   node   0: [mem 0x0000000000100000-0x00000000dffeffff]
[    0.000000]   node   0: [mem 0x0000000100000000-0x000000011fffffff]
[    0.000000] Reserved but unavailable: 98 pages
[    0.000000] Initmem setup node 0 [mem 0x0000000000001000-0x000000011fffffff]
[    0.000000] ACPI: PM-Timer IO Port: 0x4008
[    0.000000] IOAPIC[0]: apic_id 2, version 32, address 0xfec00000, GSI 0-23
[    0.000000] ACPI: INT_SRC_OVR (bus 0 bus_irq 0 global_irq 2 dfl dfl)
[    0.000000] ACPI: INT_SRC_OVR (bus 0 bus_irq 9 global_irq 9 low level)
[    0.000000] Using ACPI (MADT) for SMP configuration information
[    0.000000] smpboot: Allowing 2 CPUs, 0 hotplug CPUs
[    0.000000] PM: Registered nosave memory: [mem 0x00000000-0x00000fff]
[    0.000000] PM: Registered nosave memory: [mem 0x0009f000-0x0009ffff]
[    0.000000] PM: Registered nosave memory: [mem 0x000a0000-0x000effff]
[    0.000000] PM: Registered nosave memory: [mem 0x000f0000-0x000fffff]
[    0.000000] PM: Registered nosave memory: [mem 0xdfff0000-0xdfffffff]
[    0.000000] PM: Registered nosave memory: [mem 0xe0000000-0xfebfffff]
[    0.000000] PM: Registered nosave memory: [mem 0xfec00000-0xfec00fff]
[    0.000000] PM: Registered nosave memory: [mem 0xfec01000-0xfedfffff]
[    0.000000] PM: Registered nosave memory: [mem 0xfee00000-0xfee00fff]
[    0.000000] PM: Registered nosave memory: [mem 0xfee01000-0xfffbffff]
[    0.000000] PM: Registered nosave memory: [mem 0xfffc0000-0xffffffff]
[    0.000000] e820: [mem 0xe0000000-0xfebfffff] available for PCI devices
[    0.000000] Booting paravirtualized kernel on KVM
[    0.000000] clocksource: refined-jiffies: mask: 0xffffffff max_cycles: 0xffffffff, max_idle_ns: 7645519600211568 ns
[    0.000000] random: get_random_bytes called from start_kernel+0x99/0x500 with crng_init=0
[    0.000000] setup_percpu: NR_CPUS:8192 nr_cpumask_bits:2 nr_cpu_ids:2 nr_node_ids:1
[    0.000000] percpu: Embedded 45 pages/cpu s147456 r8192 d28672 u1048576
[    0.000000] PV qspinlock hash table entries: 256 (order: 0, 4096 bytes)
[    0.000000] Built 1 zonelists, mobility grouping on.  Total pages: 1032057
[    0.000000] Policy zone: Normal
[    0.000000] Kernel command line: BOOT_IMAGE=/boot/vmlinuz-4.15.0-126-generic root=LABEL=cloudimg-rootfs ro console=tty1 console=ttyS0
[    0.000000] Memory: 4013620K/4193848K available (12300K kernel code, 2492K rwdata, 4264K rodata, 2440K init, 2724K bss, 180228K reserved, 0K cma-reserved)
[    0.000000] SLUB: HWalign=64, Order=0-3, MinObjects=0, CPUs=2, Nodes=1
[    0.000000] Kernel/User page tables isolation: enabled
[    0.000000] ftrace: allocating 39407 entries in 154 pages
[    0.004000] Hierarchical RCU implementation.
[    0.004000] 	RCU restricting CPUs from NR_CPUS=8192 to nr_cpu_ids=2.
[    0.004000] 	Tasks RCU enabled.
[    0.004000] RCU: Adjusting geometry for rcu_fanout_leaf=16, nr_cpu_ids=2
[    0.004000] NR_IRQS: 524544, nr_irqs: 440, preallocated irqs: 16
[    0.004000] Console: colour VGA+ 80x25
[    0.004000] console [tty1] enabled
[    0.004000] console [ttyS0] enabled
[    0.004000] ACPI: Core revision 20170831
[    0.004000] ACPI: 2 ACPI AML tables successfully acquired and loaded
[    0.004000] APIC: Switch to symmetric I/O mode setup
[    0.004000] x2apic enabled
[    0.004000] Switched APIC routing to physical x2apic.
[    0.004000] ..TIMER: vector=0x30 apic1=0 pin1=2 apic2=-1 pin2=-1
[    0.004004] tsc: Detected 2303.998 MHz processor
[    0.004923] Calibrating delay loop (skipped) preset value.. 4607.99 BogoMIPS (lpj=9215992)
[    0.008002] pid_max: default: 32768 minimum: 301
[    0.009033] Security Framework initialized
[    0.009881] Yama: becoming mindful.
[    0.012088] AppArmor: AppArmor initialized
[    0.016188] Dentry cache hash table entries: 524288 (order: 10, 4194304 bytes)
[    0.021994] Inode-cache hash table entries: 262144 (order: 9, 2097152 bytes)
[    0.024017] Mount-cache hash table entries: 8192 (order: 4, 65536 bytes)
[    0.025454] Mountpoint-cache hash table entries: 8192 (order: 4, 65536 bytes)
[    0.028180] Last level iTLB entries: 4KB 64, 2MB 8, 4MB 8
[    0.029283] Last level dTLB entries: 4KB 64, 2MB 0, 4MB 0, 1GB 4
[    0.030542] Spectre V1 : Mitigation: usercopy/swapgs barriers and __user pointer sanitization
[    0.032004] Spectre V2 : Mitigation: Full generic retpoline
[    0.033535] Spectre V2 : Spectre v2 / SpectreRSB mitigation: Filling RSB on context switch
[    0.035227] Speculative Store Bypass: Vulnerable
[    0.036045] SRBDS: Unknown: Dependent on hypervisor status
[    0.037162] MDS: Mitigation: Clear CPU buffers
[    0.038224] Freeing SMP alternatives memory: 36K
[    0.149350] smpboot: CPU0: Intel(R) Core(TM) i9-9880H CPU @ 2.30GHz (family: 0x6, model: 0x9e, stepping: 0xd)
[    0.152000] Performance Events: unsupported p6 CPU model 158 no PMU driver, software events only.
[    0.152071] Hierarchical SRCU implementation.
[    0.153815] NMI watchdog: Perf event create on CPU 0 failed with -2
[    0.156015] NMI watchdog: Perf NMI watchdog permanently disabled
[    0.157346] smp: Bringing up secondary CPUs ...
[    0.160057] x86: Booting SMP configuration:
[    0.160938] .... node  #0, CPUs:      #1
[    0.004000] kvm-clock: cpu 1, msr 1:1ff50041, secondary cpu clock
[    0.168053] smp: Brought up 1 node, 2 CPUs
[    0.168842] smpboot: Max logical packages: 1
[    0.169979] smpboot: Total of 2 processors activated (9215.99 BogoMIPS)
[    0.172067] devtmpfs: initialized
[    0.172976] x86/mm: Memory block size: 128MB
[    0.174040] evm: security.selinux
[    0.175348] evm: security.SMACK64
[    0.176005] evm: security.SMACK64EXEC
[    0.176783] evm: security.SMACK64TRANSMUTE
[    0.177715] evm: security.SMACK64MMAP
[    0.178508] evm: security.apparmor
[    0.179207] evm: security.ima
[    0.180003] evm: security.capability
[    0.180783] clocksource: jiffies: mask: 0xffffffff max_cycles: 0xffffffff, max_idle_ns: 7645041785100000 ns
[    0.184015] futex hash table entries: 512 (order: 3, 32768 bytes)
[    0.185513] pinctrl core: initialized pinctrl subsystem
[    0.186705] RTC time: 20:45:46, date: 04/26/21
[    0.188125] NET: Registered protocol family 16
[    0.189210] audit: initializing netlink subsys (disabled)
[    0.190531] audit: type=2000 audit(1619469952.667:1): state=initialized audit_enabled=0 res=1
[    0.192011] cpuidle: using governor ladder
[    0.192825] cpuidle: using governor menu
[    0.193781] ACPI: bus type PCI registered
[    0.194954] acpiphp: ACPI Hot Plug PCI Controller Driver version: 0.5
[    0.196097] PCI: Using configuration type 1 for base access
[    0.200099] HugeTLB registered 2.00 MiB page size, pre-allocated 0 pages
[    0.201497] ACPI: Added _OSI(Module Device)
[    0.201497] ACPI: Added _OSI(Processor Device)
[    0.204022] ACPI: Added _OSI(3.0 _SCP Extensions)
[    0.205303] ACPI: Added _OSI(Processor Aggregator Device)
[    0.206658] ACPI: Added _OSI(Linux-Dell-Video)
[    0.207573] ACPI: Added _OSI(Linux-Lenovo-NV-HDMI-Audio)
[    0.208004] ACPI: Added _OSI(Linux-HPI-Hybrid-Graphics)
[    0.209824] ACPI: Executed 1 blocks of module-level executable AML code
[    0.214732] ACPI: Interpreter enabled
[    0.216011] ACPI: (supports S0 S5)
[    0.216738] ACPI: Using IOAPIC for interrupt routing
[    0.217996] PCI: Using host bridge windows from ACPI; if necessary, use "pci=nocrs" and report a bug
[    0.220137] ACPI: Enabled 2 GPEs in block 00 to 07
[    0.228559] ACPI: PCI Root Bridge [PCI0] (domain 0000 [bus 00-ff])
[    0.230036] acpi PNP0A03:00: _OSC: OS supports [ASPM ClockPM Segments MSI]
[    0.232080] acpi PNP0A03:00: _OSC: not requesting OS control; OS requires [ExtendedConfig ASPM ClockPM MSI]
[    0.234404] acpi PNP0A03:00: fail to add MMCONFIG information, can't access extended PCI configuration space under this bridge.
[    0.236500] PCI host bridge to bus 0000:00
[    0.240032] pci_bus 0000:00: root bus resource [io  0x0000-0x0cf7 window]
[    0.243294] pci_bus 0000:00: root bus resource [io  0x0d00-0xffff window]
[    0.244006] pci_bus 0000:00: root bus resource [mem 0x000a0000-0x000bffff window]
[    0.245875] pci_bus 0000:00: root bus resource [mem 0xe0000000-0xfdffffff window]
[    0.248004] pci_bus 0000:00: root bus resource [bus 00-ff]
[    0.252822] pci 0000:00:01.1: legacy IDE quirk: reg 0x10: [io  0x01f0-0x01f7]
[    0.255084] pci 0000:00:01.1: legacy IDE quirk: reg 0x14: [io  0x03f6]
[    0.256003] pci 0000:00:01.1: legacy IDE quirk: reg 0x18: [io  0x0170-0x0177]
[    0.257405] pci 0000:00:01.1: legacy IDE quirk: reg 0x1c: [io  0x0376]
[    0.317970] pci 0000:00:07.0: quirk: [io  0x4000-0x403f] claimed by PIIX4 ACPI
[    0.319678] pci 0000:00:07.0: quirk: [io  0x4100-0x410f] claimed by PIIX4 SMB
[    0.344010] ACPI: PCI Interrupt Link [LNKA] (IRQs 5 9 10 *11)
[    0.345732] ACPI: PCI Interrupt Link [LNKB] (IRQs 5 9 *10 11)
[    0.347493] ACPI: PCI Interrupt Link [LNKC] (IRQs 5 *9 10 11)
[    0.348132] ACPI: PCI Interrupt Link [LNKD] (IRQs 5 9 10 *11)
[    0.349642] SCSI subsystem initialized
[    0.350734] pci 0000:00:02.0: vgaarb: setting as boot VGA device
[    0.350734] pci 0000:00:02.0: vgaarb: VGA device added: decodes=io+mem,owns=io+mem,locks=none
[    0.352005] pci 0000:00:02.0: vgaarb: bridge control possible
[    0.356002] vgaarb: loaded
[    0.356606] ACPI: bus type USB registered
[    0.357415] usbcore: registered new interface driver usbfs
[    0.358813] usbcore: registered new interface driver hub
[    0.360022] usbcore: registered new device driver usb
[    0.361303] EDAC MC: Ver: 3.0.0
[    0.361303] PCI: Using ACPI for IRQ routing
[    0.364409] NetLabel: Initializing
[    0.365152] NetLabel:  domain hash size = 128
[    0.367070] NetLabel:  protocols = UNLABELED CIPSOv4 CALIPSO
[    0.368021] NetLabel:  unlabeled traffic allowed by default
[    0.369401] clocksource: Switched to clocksource kvm-clock
[    0.384689] VFS: Disk quotas dquot_6.6.0
[    0.385766] VFS: Dquot-cache hash table entries: 512 (order 0, 4096 bytes)
[    0.387319] AppArmor: AppArmor Filesystem Enabled
[    0.388294] pnp: PnP ACPI init
[    0.390544] pnp: PnP ACPI: found 3 devices
[    0.402895] clocksource: acpi_pm: mask: 0xffffff max_cycles: 0xffffff, max_idle_ns: 2085701024 ns
[    0.406386] NET: Registered protocol family 2
[    0.408555] TCP established hash table entries: 32768 (order: 6, 262144 bytes)
[    0.411284] TCP bind hash table entries: 32768 (order: 7, 524288 bytes)
[    0.413443] TCP: Hash tables configured (established 32768 bind 32768)
[    0.414877] UDP hash table entries: 2048 (order: 4, 65536 bytes)
[    0.416241] UDP-Lite hash table entries: 2048 (order: 4, 65536 bytes)
[    0.418013] NET: Registered protocol family 1
[    0.419081] pci 0000:00:00.0: Limiting direct PCI/PCI transfers
[    0.420709] pci 0000:00:01.0: Activating ISA DMA hang workarounds
[    0.422010] pci 0000:00:02.0: Video device with shadowed ROM at [mem 0x000c0000-0x000dffff]
[    0.423907] Unpacking initramfs...
[    0.724088] Freeing initrd memory: 19224K
[    0.728670] PCI-DMA: Using software bounce buffering for IO (SWIOTLB)
[    0.730554] software IO TLB: mapped [mem 0xdbff0000-0xdfff0000] (64MB)
[    0.731906] clocksource: tsc: mask: 0xffffffffffffffff max_cycles: 0x2135f5e6f15, max_idle_ns: 440795231538 ns
[    0.734856] platform rtc_cmos: registered platform RTC device (no PNP device found)
[    0.737300] Scanning for low memory corruption every 60 seconds
[    0.739677] Initialise system trusted keyrings
[    0.741651] Key type blacklist registered
[    0.743133] workingset: timestamp_bits=36 max_order=20 bucket_order=0
[    0.747570] zbud: loaded
[    0.748735] squashfs: version 4.0 (2009/01/31) Phillip Lougher
[    0.750066] fuse init (API version 7.26)
[    0.755321] Key type asymmetric registered
[    0.756300] Asymmetric key parser 'x509' registered
[    0.757763] Block layer SCSI generic (bsg) driver version 0.4 loaded (major 246)
[    0.760380] io scheduler noop registered
[    0.761235] io scheduler deadline registered
[    0.762176] io scheduler cfq registered (default)
[    0.764529] ACPI: AC Adapter [AC] (on-line)
[    0.765396] input: Power Button as /devices/LNXSYSTM:00/LNXPWRBN:00/input/input0
[    0.767023] ACPI: Power Button [PWRF]
[    0.768005] input: Sleep Button as /devices/LNXSYSTM:00/LNXSLPBN:00/input/input1
[    0.770178] ACPI: Sleep Button [SLPF]
[    0.772276] Serial: 8250/16550 driver, 32 ports, IRQ sharing enabled
[    0.772915] ACPI: Battery Slot [BAT0] (battery present)
[    0.795794] 00:02: ttyS0 at I/O 0x3f8 (irq = 4, base_baud = 115200) is a 16550A
[    0.798755] Linux agpgart interface v0.103
[    0.802795] loop: module loaded
[    0.804085] scsi host0: ata_piix
[    0.804908] scsi host1: ata_piix
[    0.805618] ata1: PATA max UDMA/33 cmd 0x1f0 ctl 0x3f6 bmdma 0xd000 irq 14
[    0.807269] ata2: PATA max UDMA/33 cmd 0x170 ctl 0x376 bmdma 0xd008 irq 15
[    0.809134] libphy: Fixed MDIO Bus: probed
[    0.810014] tun: Universal TUN/TAP device driver, 1.6
[    0.811131] PPP generic driver version 2.4.2
[    0.812058] ehci_hcd: USB 2.0 'Enhanced' Host Controller (EHCI) Driver
[    0.813537] ehci-pci: EHCI PCI platform driver
[    0.814464] ehci-platform: EHCI generic platform driver
[    0.815560] ohci_hcd: USB 1.1 'Open' Host Controller (OHCI) Driver
[    0.816861] ohci-pci: OHCI PCI platform driver
[    0.817794] ohci-platform: OHCI generic platform driver
[    0.818920] uhci_hcd: USB Universal Host Controller Interface driver
[    0.820472] i8042: PNP: PS/2 Controller [PNP0303:PS2K,PNP0f03:PS2M] at 0x60,0x64 irq 1,12
[    0.822729] serio: i8042 KBD port at 0x60,0x64 irq 1
[    0.824187] serio: i8042 AUX port at 0x60,0x64 irq 12
[    0.825763] mousedev: PS/2 mouse device common for all mice
[    0.827137] input: AT Translated Set 2 keyboard as /devices/platform/i8042/serio0/input/input2
[    0.829947] rtc_cmos rtc_cmos: rtc core: registered rtc_cmos as rtc0
[    0.831730] rtc_cmos rtc_cmos: alarms up to one day, 114 bytes nvram
[    0.833585] i2c /dev entries driver
[    0.834633] device-mapper: uevent: version 1.0.3
[    0.835739] device-mapper: ioctl: 4.37.0-ioctl (2017-09-20) initialised: dm-devel@redhat.com
[    0.837504] ledtrig-cpu: registered to indicate activity on CPUs
[    0.839274] NET: Registered protocol family 10
[    0.843470] Segment Routing with IPv6
[    0.844372] NET: Registered protocol family 17
[    0.845428] Key type dns_resolver registered
[    0.846523] mce: Using 0 MCE banks
[    0.847216] RAS: Correctable Errors collector initialized.
[    0.848524] sched_clock: Marking stable (848504887, 0)->(1208198431, -359693544)
[    0.850296] registered taskstats version 1
[    0.851139] Loading compiled-in X.509 certificates
[    0.854160] Loaded X.509 cert 'Build time autogenerated kernel key: 24b6ce7d986f3307b9608c2edd0b61d009859433'
[    0.856123] zswap: loaded using pool lzo/zbud
[    0.860229] Key type big_key registered
[    0.861350] Key type trusted registered
[    0.864284] Key type encrypted registered
[    0.866022] AppArmor: AppArmor sha1 policy hashing enabled
[    0.867904] ima: No TPM chip found, activating TPM-bypass! (rc=-19)
[    0.869380] ima: Allocated hash algorithm: sha1
[    0.870545] evm: HMAC attrs: 0x1
[    0.871660]   Magic number: 1:301:802
[    0.873088] rtc_cmos rtc_cmos: setting system clock to 2021-04-26 20:45:47 UTC (1619469947)
[    0.875357] BIOS EDD facility v0.16 2004-Jun-25, 0 devices found
[    0.876727] EDD information not available.
[    1.173219] Freeing unused kernel image memory: 2440K
[    1.180627] Write protecting the kernel read-only data: 20480k
[    1.182523] Freeing unused kernel image memory: 2008K
[    1.183946] Freeing unused kernel image memory: 1880K
[    1.192269] x86/mm: Checked W+X mappings: passed, no W+X pages found.
[    1.193623] x86/mm: Checking user space page tables
[    1.201775] x86/mm: Checked W+X mappings: passed, no W+X pages found.
Loading, please wait...
starting version 237
[    1.263983] e1000: Intel(R) PRO/1000 Network Driver - version 7.3.21-k8-NAPI
[    1.266157] e1000: Copyright (c) 1999-2006 Intel Corporation.
[    1.269718] Fusion MPT base driver 3.04.20
[    1.270587] Copyright (c) 1999-2008 LSI Corporation
[    1.274982] Fusion MPT SPI Host driver 3.04.20
[    1.286125] AVX2 version of gcm_enc/dec engaged.
[    1.287138] AES CTR mode by8 optimization enabled
[    1.482522] input: ImExPS/2 Generic Explorer Mouse as /devices/platform/i8042/serio1/input/input4
[    1.688706] e1000 0000:00:03.0 eth0: (PCI:33MHz:32-bit) 02:ab:e6:ce:d1:6d
[    1.690569] e1000 0000:00:03.0 eth0: Intel(R) PRO/1000 Network Connection
[    1.692976] mptbase: ioc0: Initiating bringup
[    1.788192] ioc0: LSI53C1030 A0: Capabilities={Initiator}
[    2.031566] scsi host2: ioc0: LSI53C1030 A0, FwRev=00000000h, Ports=1, MaxQ=256, IRQ=20
[    2.200700] scsi 2:0:0:0: Direct-Access     VBOX     HARDDISK         1.0  PQ: 0 ANSI: 5
[    2.228021] scsi target2:0:0: Beginning Domain Validation
[    2.231579] scsi target2:0:0: Domain Validation skipping write tests
[    2.232856] scsi target2:0:0: Ending Domain Validation
[    2.234010] scsi target2:0:0: asynchronous
[    2.235402] scsi 2:0:1:0: Direct-Access     VBOX     HARDDISK         1.0  PQ: 0 ANSI: 5
[    2.283501] scsi target2:0:1: Beginning Domain Validation
[    2.309151] random: fast init done
[    2.311172] scsi target2:0:1: Domain Validation skipping write tests
[    2.313597] scsi target2:0:1: Ending Domain Validation
[    2.315532] scsi target2:0:1: asynchronous
[    2.319877] random: systemd-udevd: uninitialized urandom read (16 bytes read)
[    2.321430] random: systemd-udevd: uninitialized urandom read (16 bytes read)
[    2.323716] random: systemd-udevd: uninitialized urandom read (16 bytes read)
[    2.325639] sd 2:0:0:0: Attached scsi generic sg0 type 0
[    2.326992] sd 2:0:0:0: [sda] 20971520 512-byte logical blocks: (10.7 GB/10.0 GiB)
[    2.329520] sd 2:0:0:0: [sda] Write Protect is off
[    2.330715] sd 2:0:0:0: [sda] Incomplete mode parameter data
[    2.332251] sd 2:0:0:0: [sda] Assuming drive cache: write through
[    2.334256] sd 2:0:1:0: Attached scsi generic sg1 type 0
[    2.337047]  sda: sda1
[    2.338070] sd 2:0:0:0: [sda] Attached SCSI disk
[    2.340262] sd 2:0:1:0: [sdb] 20480 512-byte logical blocks: (10.5 MB/10.0 MiB)
[    2.342603] sd 2:0:1:0: [sdb] Write Protect is off
[    2.343908] sd 2:0:1:0: [sdb] Incomplete mode parameter data
[    2.345029] sd 2:0:1:0: [sdb] Assuming drive cache: write through
[    2.347786] sd 2:0:1:0: [sdb] Attached SCSI disk
[    2.617065] e1000 0000:00:08.0 eth1: (PCI:33MHz:32-bit) 08:00:27:e3:b0:81
[    2.618698] e1000 0000:00:08.0 eth1: Intel(R) PRO/1000 Network Connection
[    2.620951] e1000 0000:00:08.0 enp0s8: renamed from eth1
[    2.650289] e1000 0000:00:03.0 enp0s3: renamed from eth0
Begin: Loading essential drivers ... [    4.052353] raid6: sse2x1   gen() 13186 MB/s
[    4.100133] raid6: sse2x1   xor()  7626 MB/s
[    4.148192] raid6: sse2x2   gen() 13377 MB/s
[    4.196500] raid6: sse2x2   xor() 10493 MB/s
[    4.244021] raid6: sse2x4   gen() 16741 MB/s
[    4.292025] raid6: sse2x4   xor() 10519 MB/s
[    4.340287] raid6: avx2x1   gen() 24611 MB/s
[    4.388127] raid6: avx2x1   xor() 13912 MB/s
[    4.436515] raid6: avx2x2   gen() 29387 MB/s
[    4.484252] raid6: avx2x2   xor() 19542 MB/s
[    4.532164] raid6: avx2x4   gen() 32349 MB/s
[    4.580419] raid6: avx2x4   xor() 19536 MB/s
[    4.581244] raid6: using algorithm avx2x4 gen() 32349 MB/s
[    4.582454] raid6: .... xor() 19536 MB/s, rmw enabled
[    4.584590] raid6: using avx2x2 recovery algorithm
[    4.586781] xor: automatically using best checksumming function   avx       
[    4.590636] async_tx: api initialized (async)
done.
Begin: Running /scripts/init-premount ... done.
Begin: Mounting root file system ... Begin: Running /scripts/local-top ... done.
Begin: Running /scripts/local-premount ... [    4.633096] Btrfs loaded, crc32c=crc32c-intel
Scanning for Btrfs filesystems
done.
Warning: fsck not present, so skipping root file system
[    4.659160] EXT4-fs (sda1): mounted filesystem with ordered data mode. Opts: (null)
done.
Begin: Running /scripts/local-bottom ... done.
Begin: Running /scripts/init-bottom ... done.
[    4.809179] ip_tables: (C) 2000-2006 Netfilter Core Team
[    4.818643] systemd[1]: systemd 237 running in system mode. (+PAM +AUDIT +SELINUX +IMA +APPARMOR +SMACK +SYSVINIT +UTMP +LIBCRYPTSETUP +GCRYPT +GNUTLS +ACL +XZ +LZ4 +SECCOMP +BLKID +ELFUTILS +KMOD -IDN2 +IDN -PCRE2 default-hierarchy=hybrid)
[    4.823136] systemd[1]: Detected virtualization oracle.
[    4.824451] systemd[1]: Detected architecture x86-64.

Welcome to [1mUbuntu 18.04.5 LTS[0m!

[    4.832415] systemd[1]: Set hostname to <ubuntu>.
[    4.838321] systemd[1]: Initializing machine ID from random generator.
[    4.839787] systemd[1]: Installed transient /etc/machine-id file.
[    5.192919] systemd[1]: Reached target Swap.
[[0;32m  OK  [0m] Reached target Swap.
[    5.196159] systemd[1]: Created slice User and Session Slice.
[[0;32m  OK  [0m] Created slice User and Session Slice.
[    5.198268] systemd[1]: Started Forward Password Requests to Wall Directory Watch.
[[0;32m  OK  [0m] Started Forward Password Requests to Wall Directory Watch.
[    5.200939] systemd[1]: Reached target System Time Synchronized.
[[0;32m  OK  [0m] Reached target System Time Synchronized.
[[0;32m  OK  [0m] Created slice System Slice.
[[0;32m  OK  [0m] Listening on Syslog Socket.
[[0;32m  OK  [0m] Listening on Journal Socket (/dev/log).
[[0;32m  OK  [0m] Listening on Journal Audit Socket.
[[0;32m  OK  [0m] Listening on LVM2 poll daemon socket.
[[0;32m  OK  [0m] Listening on Network Service Netlink Socket.
[[0;32m  OK  [0m] Listening on /dev/initctl Compatibility Named Pipe.
[[0;32m  OK  [0m] Listening on Device-mapper event daemon FIFOs.
[[0;32m  OK  [0m] Listening on Journal Socket.
         Starting Set the console keyboard layout...
         Starting Load Kernel Modules...
         Mounting POSIX Message Queue File System...
         Mounting Kernel Debug File System...
[[0;32m  OK  [0m] Created slice system-serial\x2dgetty.slice.
         Starting Journal Service...
         Starting Remount Root and Kernel File Systems...
         Starting Create list of required stâ€¦ce nodes for the current kernel...
         Mounting Huge Pages File System...
[[0;32m  OK  [0m] Listening on udev Kernel Socket.
[[0;32m  OK  [0m] Listening on udev Control Socket.
[    5.246388] Loading iSCSI transport class v2.0-870.
         Starting udev Coldplug all Devices...
[    5.251894] iscsi: registered transport (tcp)
         Starting Uncomplicated firewall...
[[0;32m  OK  [0m] Reached target User and Group Name Lookups.
[[0;32m  OK  [0m] Listening on LVM2 metadata daemon socket.
         Starting Monitoring of LVM2 mirrorsâ€¦ng dmeventd or progress polling...
[[0;32m  OK  [0m] Reached target Slices.
[[0;32m  OK  [0m] Set up automount Arbitrary Executabâ€¦rmats File System Automount Point.
[    5.352620] iscsi: registered transport (iser)
[[0;32m  OK  [0m] Started Journal Service.
[    5.364898] EXT4-fs (sda1): re-mounted. Opts: (null)
[[0;32m  OK  [0m] Started Load Kernel Modules.
[[0;32m  OK  [0m] Mounted POSIX Message Queue File System.
[[0;32m  OK  [0m] Mounted Kernel Debug File System.
[[0;32m  OK  [0m] Started Remount Root and Kernel File Systems.
[[0;32m  OK  [0m] Started Create list of required staâ€¦vice nodes for the current kernel.
[[0;32m  OK  [0m] Mounted Huge Pages File System.
[[0;32m  OK  [0m] Started Uncomplicated firewall.
[[0;32m  OK  [0m] Started LVM2 metadata daemon.
         Starting Create Static Device Nodes in /dev...
         Starting Load/Save Random Seed...
         Starting Apply Kernel Variables...
         Mounting Kernel Configuration File System...
         Mounting FUSE Control File System...
         Starting Flush Journal to Persistent Storage...
[[0;32m  OK  [0m] Started udev Coldplug all Devices.
[[0;32m  OK  [0m] Started Create Static Device Nodes in /dev.
[[0;32m  OK  [0m] Started Load/Save Random Seed.
[[0;32m  OK  [0m] Mounted Kernel Configuration File System.
[[0;32m  OK  [0m] Mounted FUSE Control File System.
         Starting udev Kernel Device Manager...
[[0;32m  OK  [0m] Started Monitoring of LVM2 mirrors,â€¦sing dmeventd or progress polling.
[[0;32m  OK  [0m] Started Apply Kernel Variables.
[[0;32m  OK  [0m] Started udev Kernel Device Manager.
[[0;32m  OK  [0m] Started Flush Journal to Persistent Storage.
[[0;32m  OK  [0m] Found device /dev/ttyS0.
[[0;32m  OK  [0m] Listening on Load/Save RF Kill Switch Status /dev/rfkill Watch.
[[0;32m  OK  [0m] Started Set the console keyboard layout.
[[0;32m  OK  [0m] Started Dispatch Password Requests to Console Directory Watch.
[[0;32m  OK  [0m] Reached target Local Encrypted Volumes.
[[0;32m  OK  [0m] Reached target Local File Systems (Pre).
[[0;32m  OK  [0m] Reached target Local File Systems.
         Starting Commit a transient machine-id on disk...
         Starting Tell Plymouth To Write Out Runtime Data...
         Starting ebtables ruleset management...
         Starting Create Volatile Files and Directories...
         Starting AppArmor initialization...
         Starting Set console font and keymap...
[[0;32m  OK  [0m] Started Tell Plymouth To Write Out Runtime Data.
[[0;32m  OK  [0m] Started Set console font and keymap.
[[0;32m  OK  [0m] Started Create Volatile Files and Directories.
         Starting Update UTMP about System Boot/Shutdown...
[[0;32m  OK  [0m] Started Update UTMP about System Boot/Shutdown.
[[0;32m  OK  [0m] Started Commit a transient machine-id on disk.
[[0;32m  OK  [0m] Started ebtables ruleset management.
[[0;32m  OK  [0m] Started AppArmor initialization.
         Starting Load AppArmor profiles managed internally by snapd...
         Starting Initial cloud-init job (pre-networking)...
[[0;32m  OK  [0m] Started Load AppArmor profiles managed internally by snapd.
[    7.858013] cloud-init[686]: Cloud-init v. 20.3-2-g371b392c-0ubuntu1~18.04.1 running 'init-local' at Mon, 26 Apr 2021 20:45:54 +0000. Up 7.56 seconds.
[[0;32m  OK  [0m] Started Initial cloud-init job (pre-networking).
[[0;32m  OK  [0m] Reached target Network (Pre).
         Starting Network Service...
[[0;32m  OK  [0m] Started Network Service.
         Starting Network Name Resolution...
         Starting Wait for Network to be Configured...
[[0;32m  OK  [0m] Started Network Name Resolution.
[[0;32m  OK  [0m] Reached target Network.
[[0;32m  OK  [0m] Reached target Host and Network Name Lookups.
[[0;32m  OK  [0m] Started Wait for Network to be Configured.
         Starting Initial cloud-init job (metadata service crawler)...
[   10.326192] cloud-init[809]: Cloud-init v. 20.3-2-g371b392c-0ubuntu1~18.04.1 running 'init' at Mon, 26 Apr 2021 20:45:56 +0000. Up 10.20 seconds.
[   10.332057] cloud-init[809]: ci-info: ++++++++++++++++++++++++++++++++++++++Net device info+++++++++++++++++++++++++++++++++++++++
[   10.333878] cloud-init[809]: ci-info: +--------+-------+----------------------------+---------------+--------+-------------------+
[   10.335412] cloud-init[809]: ci-info: | Device |   Up  |          Address           |      Mask     | Scope  |     Hw-Address    |
[   10.337416] cloud-init[809]: ci-info: +--------+-------+----------------------------+---------------+--------+-------------------+
[   10.339304] cloud-init[809]: ci-info: | enp0s3 |  True |         10.0.2.15          | 255.255.255.0 | global | 02:ab:e6:ce:d1:6d |
[   10.341288] cloud-init[809]: ci-info: | enp0s3 |  True | fe80::ab:e6ff:fece:d16d/64 |       .       |  link  | 02:ab:e6:ce:d1:6d |
[   10.342832] cloud-init[809]: ci-info: | enp0s8 | False |             .              |       .       |   .    | 08:00:27:e3:b0:81 |
[   10.344740] cloud-init[809]: ci-info: |   lo   |  True |         127.0.0.1          |   255.0.0.0   |  host  |         .         |
[   10.346647] cloud-init[809]: ci-info: |   lo   |  True |          ::1/128           |       .       |  host  |         .         |
[   10.356402] cloud-init[809]: ci-info: +--------+-------+----------------------------+---------------+--------+-------------------+
[   10.357774] cloud-init[809]: ci-info: ++++++++++++++++++++++++++++Route IPv4 info+++++++++++++++++++++++++++++
[   10.368253] cloud-init[809]: ci-info: +-------+-------------+----------+-----------------+-----------+-------+
[   10.369514] cloud-init[809]: ci-info: | Route | Destination | Gateway  |     Genmask     | Interface | Flags |
[   10.380285] cloud-init[809]: ci-info: +-------+-------------+----------+-----------------+-----------+-------+
[   10.396154] cloud-init[809]: ci-info: |   0   |   0.0.0.0   | 10.0.2.2 |     0.0.0.0     |   enp0s3  |   UG  |
[   10.397533] cloud-init[809]: ci-info: |   1   |   10.0.2.0  | 0.0.0.0  |  255.255.255.0  |   enp0s3  |   U   |
[   10.399164] cloud-init[809]: ci-info: |   2   |   10.0.2.2  | 0.0.0.0  | 255.255.255.255 |   enp0s3  |   UH  |
[   10.400784] cloud-init[809]: ci-info: +-------+-------------+----------+-----------------+-----------+-------+
[   10.402281] cloud-init[809]: ci-info: +++++++++++++++++++Route IPv6 info+++++++++++++++++++
[   10.403744] cloud-init[809]: ci-info: +-------+-------------+---------+-----------+-------+
[   10.405160] cloud-init[809]: ci-info: | Route | Destination | Gateway | Interface | Flags |
[   10.406564] cloud-init[809]: ci-info: +-------+-------------+---------+-----------+-------+
[   10.407803] cloud-init[809]: ci-info: |   1   |  fe80::/64  |    ::   |   enp0s3  |   U   |
[   10.409282] cloud-init[809]: ci-info: |   3   |    local    |    ::   |   enp0s3  |   U   |
[   10.410420] cloud-init[809]: ci-info: |   4   |   ff00::/8  |    ::   |   enp0s3  |   U   |
[   10.411979] cloud-init[809]: ci-info: +-------+-------------+---------+-----------+-------+
[   11.014063] cloud-init[809]: Generating public/private rsa key pair.
[   11.015322] cloud-init[809]: Your identification has been saved in /etc/ssh/ssh_host_rsa_key.
[   11.016826] cloud-init[809]: Your public key has been saved in /etc/ssh/ssh_host_rsa_key.pub.
[   11.018337] cloud-init[809]: The key fingerprint is:
[   11.019256] cloud-init[809]: SHA256:3uMKVhSgJiwXzjB8cbmb5AFma68YMl2hTvkySs2fUAw root@ubuntu-bionic
[   11.020926] cloud-init[809]: The key's randomart image is:
[   11.022124] cloud-init[809]: +---[RSA 2048]----+
[   11.023134] cloud-init[809]: |+ ....o..        |
[   11.024124] cloud-init[809]: | B Eoo   .       |
[   11.024970] cloud-init[809]: |. XoB.. .        |
[   11.025832] cloud-init[809]: | o+=.* .         |
[   11.026611] cloud-init[809]: | ++o= + S        |
[   11.027474] cloud-init[809]: |oo=+.= o .       |
[   11.028353] cloud-init[809]: |oooo+ + . o      |
[   11.029202] cloud-init[809]: |.. . + . . .     |
[   11.030062] cloud-init[809]: |        ...      |
[   11.030949] cloud-init[809]: +----[SHA256]-----+
[   11.031699] cloud-init[809]: Generating public/private dsa key pair.
[   11.032820] cloud-init[809]: Your identification has been saved in /etc/ssh/ssh_host_dsa_key.
[   11.034318] cloud-init[809]: Your public key has been saved in /etc/ssh/ssh_host_dsa_key.pub.
[   11.035749] cloud-init[809]: The key fingerprint is:
[   11.036628] cloud-init[809]: SHA256:acmLOwtiYp+em/Ry8xdDbcrTpM42eFj29eWutdHgSnI root@ubuntu-bionic
[   11.038128] cloud-init[809]: The key's randomart image is:
[   11.039120] cloud-init[809]: +---[DSA 1024]----+
[   11.040286] cloud-init[809]: |                 |
[   11.041444] cloud-init[809]: |                 |
[   11.042291] cloud-init[809]: |          .      |
[   11.043247] cloud-init[809]: |       . + +     |
[   11.044209] cloud-init[809]: |        S *   .  |
[   11.060074] cloud-init[809]: |       o @ . o .o|
[   11.072382] cloud-init[809]: |..o.. . O * E oo+|
[   11.073314] cloud-init[809]: |.ooo=+.+ B = . o+|
[   11.074438] cloud-init[809]: |  .B+.=++ . . .+.|
[   11.075138] cloud-init[809]: +----[SHA256]-----+
[   11.076130] cloud-init[809]: Generating public/private ecdsa key pair.
[   11.077325] cloud-init[809]: Your identification has been saved in /etc/ssh/ssh_host_ecdsa_key.
[   11.079076] cloud-init[809]: Your public key has been saved in /etc/ssh/ssh_host_ecdsa_key.pub.
[   11.092375] cloud-init[809]: The key fingerprint is:
[   11.094026] cloud-init[809]: SHA256:ep8FglCr80Sbwmct5MO4ft0CNdECalvatJ76MLUSIfA root@ubuntu-bionic
[   11.095503] cloud-init[809]: The key's randomart image is:
[   11.096713] cloud-init[809]: +---[ECDSA 256]---+
[   11.097999] cloud-init[809]: |.     o. .       |
[   11.099542] cloud-init[809]: | o   o .o .      |
[[0;32m  OK  [0m] Started Initial cloud-init job (metadata service crawler).
[[0;32m  OK  [0m] Reached target Network is Online.
[   11.118148] cloud-init[809]: |  E = *  o       |
[   11.121581] cloud-init[809]: |   + / *o        |
[   11.122524] cloud-init[809]: |    X /.S..      |
[   11.123505] cloud-init[809]: |     %.* . .     |
[   11.124480] cloud-init[809]: |    = *o..  .    |
[   11.125560] cloud-init[809]: |   . =..o..o     |
[   11.126567] cloud-init[809]: |    oo.  .o      |
[[0;32m  OK  [0m] Reached target Remote File Systems (Pre).
[[0;32m  OK  [0m] Reached target Remote File Systems.
[   11.129833] cloud-init[809]: +----[SHA256]-----+
[   11.133250] cloud-init[809]: Generating public/private ed25519 key pair.
[   11.134626] cloud-init[809]: Your identification has been saved in /etc/ssh/ssh_host_ed25519_key.
[   11.136136] cloud-init[809]: Your public key has been saved in /etc/ssh/ssh_host_ed25519_key.pub.
         Starting Availability of block devices...
[[0;32m  OK  [0m] Reached target System Initialization.
[[0;32m  OK  [0m] Listening on UUID daemon activation socket.
[[0;32m  OK  [0m] Started Daily Cleanup of Temporary Directories.
[[0;32m  OK  [0m] Started Daily apt download activities.[   11.144133] cloud-init[809]: The key fingerprint is:
[   11.144188] cloud-init[809]: SHA256:3nOmJva1rLoWXhuIcGHVEzGkMxHAWbR6Zo07RHg9DtA root@ubuntu-bionic
[   11.144887] cloud-init[809]: The key's randomart image is:
[   11.145440] cloud-init[809]: +--[ED25519 256]--+
[   11.146372] cloud-init[809]: |     .oB*+=o     |
[   11.147076] cloud-init[809]: |      =oE=o.     |
[   11.148785] cloud-init[809]: |     ...O o.     |
[   11.149496] cloud-init[809]: |    . .+ B .     |
[   11.150501] cloud-init[809]: |     o..S.o      |
[   11.151203] cloud-init[809]: |      .*ooo      |

[[0;32m  OK  [0m[   11.153392] ] Listening on D-Bus System Message Bus Socket.cloud-init[809]: |       .+ooo+    |
[   11.154811] cloud-init[809]: |        =.oB .   |
[   11.155450] cloud-init[809]: |       oo*+.o    |

[   11.156354] cloud-init[809]: +----[SHA256]-----+
[[0;32m  OK  [0m] Started Discard unused blocks once a week.
[[0;32m  OK  [0m] Listening on Open-iSCSI iscsid Socket.
         Starting Socket activation for snappy daemon.
[[0;32m  OK  [0m] Started Message of the Day.
[[0;32m  OK  [0m] Started Daily apt upgrade and clean activities.
         Starting LXD - unix socket.
[[0;32m  OK  [0m] Listening on ACPID Listen Socket.
[[0;32m  OK  [0m] Reached target Timers.
[[0;32m  OK  [0m] Started ACPI Events Check.
[[0;32m  OK  [0m] Reached target Paths.
[[0;32m  OK  [0m] Reached target Cloud-config availability.
[[0;32m  OK  [0m] Started Availability of block devices.
[[0;32m  OK  [0m] Listening on Socket activation for snappy daemon.
[[0;32m  OK  [0m] Listening on LXD - unix socket.
[[0;32m  OK  [0m] Reached target Sockets.
[[0;32m  OK  [0m] Reached target Basic System.
[[0;32m  OK  [0m] Started irqbalance daemon.
[[0;32m  OK  [0m] Started Deferred execution scheduler.
         Starting Dispatcher daemon for systemd-networkd...
         Starting Virtualbox guest utils...
[[0;32m  OK  [0m] Started D-Bus System Message Bus.
         Starting Login Service...
[[0;32m  OK  [0m] Started Regular background program processing daemon.
         Starting LSB: Record successful boot for GRUB...
         Starting LXD - container startup/shutdown...
         Starting Accounts Service...
         Starting LSB: automatic crash report generation...
         Starting Pollinate to seed the pseudo random number generator...
         Starting Permit User Sessions...
[[0;32m  OK  [0m] Started FUSE filesystem for LXC.
         Starting System Logging Service...
         Starting Snap Daemon...
[[0;32m  OK  [0m] Started LXD - container startup/shutdown.
[[0;32m  OK  [0m] Started Permit User Sessions.
[[0;32m  OK  [0m] Started Login Service.
         Starting Authorization Manager...
[[0;32m  OK  [0m] Started Unattended Upgrades Shutdown.
         Starting Hold until boot process finishes up...
         Starting Terminate Plymouth Boot Screen...
[[0;32m  OK  [0m] Started Hold until boot process finishes up.
         Starting Set console scheme...
[[0;32m  OK  [0m] Started Serial Getty on ttyS0.
[[0;32m  OK  [0m] Started Terminate Plymouth Boot Screen.
[[0;32m  OK  [0m] Started LSB: Record successful boot for GRUB.
[[0;32m  OK  [0m] Started Set console scheme.
[[0;32m  OK  [0m] Created slice system-getty.slice.
[[0;32m  OK  [0m] Started Getty on tty1.
[[0;32m  OK  [0m] Reached target Login Prompts.
[[0;32m  OK  [0m] Started System Logging Service.
[[0;32m  OK  [0m] Started LSB: automatic crash report generation.
[[0;32m  OK  [0m] Started Authorization Manager.
[[0;32m  OK  [0m] Started Accounts Service.
[[0;32m  OK  [0m] Started Virtualbox guest utils.
[[0;32m  OK  [0m] Started Dispatcher daemon for systemd-networkd.
[[0;32m  OK  [0m] Started Snap Daemon.
         Starting Wait until snapd is fully seeded...
[[0;32m  OK  [0m] Started Pollinate to seed the pseudo random number generator.
         Starting OpenBSD Secure Shell server...
[[0;32m  OK  [0m] Started OpenBSD Secure Shell server.
[[0;32m  OK  [0m] Created slice User Slice of vagrant.
         Starting User Manager for UID 1000...
[[0;32m  OK  [0m] Started Session 1 of user vagrant.
[[0;32m  OK  [0m] Started User Manager for UID 1000.
[[0;32m  OK  [0m] Started Wait until snapd is fully seeded.
         Starting Apply the settings specified in cloud-config...
[[0;32m  OK  [0m] Reached target Multi-User System.
[[0;32m  OK  [0m] Reached target Graphical Interface.
         Starting Update UTMP about System Runlevel Changes...
[[0;32m  OK  [0m] Started Update UTMP about System Runlevel Changes.
         Stopping User Manager for UID 1000...
[[0;32m  OK  [0m] Stopped User Manager for UID 1000.
[[0;32m  OK  [0m] Removed slice User Slice of vagrant.
[   14.999558] cloud-init[1521]: Cloud-init v. 20.3-2-g371b392c-0ubuntu1~18.04.1 running 'modules:config' at Mon, 26 Apr 2021 20:46:01 +0000. Up 14.64 seconds.
[[0;32m  OK  [0m] Started Apply the settings specified in cloud-config.
         Starting Execute cloud user/final scripts...
[[0;32m  OK  [0m] Created slice User Slice of vagrant.
         Starting User Manager for UID 1000...
[[0;32m  OK  [0m] Started Session 3 of user vagrant.
[[0;32m  OK  [0m] Started User Manager for UID 1000.
ci-info: no authorized SSH keys fingerprints found for user ubuntu.
<14>Apr 26 20:46:02 ec2: 
<14>Apr 26 20:46:02 ec2: #############################################################
<14>Apr 26 20:46:02 ec2: -----BEGIN SSH HOST KEY FINGERPRINTS-----
<14>Apr 26 20:46:02 ec2: 1024 SHA256:acmLOwtiYp+em/Ry8xdDbcrTpM42eFj29eWutdHgSnI root@ubuntu-bionic (DSA)
<14>Apr 26 20:46:02 ec2: 256 SHA256:ep8FglCr80Sbwmct5MO4ft0CNdECalvatJ76MLUSIfA root@ubuntu-bionic (ECDSA)
<14>Apr 26 20:46:02 ec2: 256 SHA256:3nOmJva1rLoWXhuIcGHVEzGkMxHAWbR6Zo07RHg9DtA root@ubuntu-bionic (ED25519)
<14>Apr 26 20:46:02 ec2: 2048 SHA256:3uMKVhSgJiwXzjB8cbmb5AFma68YMl2hTvkySs2fUAw root@ubuntu-bionic (RSA)
<14>Apr 26 20:46:02 ec2: -----END SSH HOST KEY FINGERPRINTS-----
<14>Apr 26 20:46:02 ec2: #############################################################
-----BEGIN SSH HOST KEY KEYS-----
ecdsa-sha2-nistp256 AAAAE2VjZHNhLXNoYTItbmlzdHAyNTYAAAAIbmlzdHAyNTYAAABBBDZDLKO4ZYH2WlmFSzhN9nRAwWAZYjaJFbpzVk7wgJID+aWFouVWKIliInMMmnSnUq2lBuZ/uQPjYUzJF8PTsOo= root@ubuntu-bionic
ssh-ed25519 AAAAC3NzaC1lZDI1NTE5AAAAIKx/Y40UEOvgtvq76GFDoPs8VYF1RBGQx03mLqs4GX/T root@ubuntu-bionic
ssh-rsa AAAAB3NzaC1yc2EAAAADAQABAAABAQC4fOeX2dTVFxwdmBlPoVAIq0cgskdqqsfpJhvL3EgRPdxtccTuCfGA1l7g40jbHUmdjOo8yfwHzZXnjpIXPKCOw280jB+TO1LhAnJ/PJUL3mq6UqPP/oM8J64tz3A3x1xCO1IJvsfrZoxMesh0URJfdTKb6BL+60pvrBfZU/rHZFvZI76JMLYImDTw+guX/tBWcytbJSYxJnWQsq+ipH4yiqSYVdZ89+QhWiA+mAeawv8KC+5xzQtwJ74MiTKF0XdQPTri+uKJ3wJ5wK0cPEGEEvBxRu5okDFhWN4pfYRuy+NobCrOLbN6cHphiwSWGtcyXWzYdyT71Zd+YkXehgLh root@ubuntu-bionic
-----END SSH HOST KEY KEYS-----
[   15.516155] cloud-init[1704]: Cloud-init v. 20.3-2-g371b392c-0ubuntu1~18.04.1 running 'modules:final' at Mon, 26 Apr 2021 20:46:01 +0000. Up 15.36 seconds.
[   15.517325] cloud-init[1704]: ci-info: no authorized SSH keys fingerprints found for user ubuntu.
[   15.528181] cloud-init[1704]: Cloud-init v. 20.3-2-g371b392c-0ubuntu1~18.04.1 finished at Mon, 26 Apr 2021 20:46:02 +0000. Datasource DataSourceNoCloud [seed=/dev/sdb][dsmode=net].  Up 15.51 seconds
[[0;32m  OK  [0m] Started Execute cloud user/final scripts.
[[0;32m  OK  [0m] Reached target Cloud-init target.

Ubuntu 18.04.5 LTS ubuntu-bionic ttyS0

ubuntu-bionic login: 